{"start_date": "2016-01-01"}
{"AS1": [5, 2, 0]}
{"AS2": [1, 5, 0]}
{"202214": [10, 0, 30]}
{"AS5": [0, 7, 0]}
{"AS7": [0, 1, 0]}